≡ƒöÑ Firebase Connected (Firestore)
Testing Firebase Auth...
node : Test failed: 
FirebaseAuthError: 
There is no 
configuration 
corresponding to the 
provided identifier.
At line:1 char:1
+ node test-auth.js 
> test-output.txt 
2>&1
+ ~~~~~~~~~~~~~~~~~~~
~~~~~~~~~~~~~~~~~~~~~
    + CategoryInfo   
           : NotSpe  
  cified: (Test fa   
 iled: Fi...ded i    
dentifier.:Strin    
g) [], RemoteExc    
eption
    + FullyQualified 
   ErrorId : Native  
  CommandError
 
    at FirebaseAuthEr
ror.fromServerError (
C:\Hacky\TechSprint\s
erver\node_modules\fi
rebase-admin\lib\util
s\error.js:148:16)
    at C:\Hacky\TechS
print\server\node_mod
ules\firebase-admin\l
ib\auth\auth-api-requ
est.js:1629:49
    at process.proces
sTicksAndRejections (
node:internal/process
/task_queues:103:5)
    at async 
testAuth (C:\Hacky\Te
chSprint\server\test-
auth.js:7:24) {
  errorInfo: {
    code: 'auth/confi
guration-not-found',
    message: 'There 
is no configuration 
corresponding to the 
provided identifier.'
  },
  codePrefix: 'auth'
}
